// Vitest Snapshot v1, https://vitest.dev/guide/snapshot.html

exports[`Simulator > should simulate for the correct number of years 1`] = `
{
  "breakdownInfo": {
    "buyMovingCost": {
      "calculateForYear": [Function],
      "color": "rgba(230, 139, 34, 0.8)",
      "key": "buyMovingCost",
      "label": "Moving costs (buy)",
    },
    "councilRatesPaid": {
      "calculateForYear": [Function],
      "color": "rgba(52, 152, 219, 0.8)",
      "key": "councilRatesPaid",
      "label": "Council rates",
    },
    "insurancePaid": {
      "calculateForYear": [Function],
      "color": "rgba(142, 68, 173, 0.8)",
      "key": "insurancePaid",
      "label": "Insurance",
    },
    "maintenanceCost": {
      "calculateForYear": [Function],
      "color": "rgba(243, 194, 18, 0.8)",
      "key": "maintenanceCost",
      "label": "Maintenance",
    },
    "mortgagePaid": {
      "calculateForYear": [Function],
      "color": "rgba(231, 76, 60, 0.8)",
      "key": "mortgagePaid",
      "label": "Mortgage",
    },
    "principalPaid": {
      "calculateForYear": [Function],
      "color": "rgba(46, 204, 113, 0.8)",
      "key": "principalPaid",
      "label": "Principal paid",
    },
    "propertyAppreciation": {
      "calculateForYear": [Function],
      "color": "rgba(39, 174, 96, 0.8)",
      "description": "How much the value of the property has increased this year.",
      "key": "propertyAppreciation",
      "label": "Property appreciation",
    },
    "rentInvestment": {
      "calculateForYear": [Function],
      "color": "rgba(39, 174, 96, 0.8)",
      "key": "rentInvestment",
      "label": "Investment growth",
    },
    "rentMovingCost": {
      "calculateForYear": [Function],
      "color": "rgba(230, 139, 34, 0.8)",
      "key": "rentMovingCost",
      "label": "Moving costs (rent)",
    },
    "rentPaid": {
      "calculateForYear": [Function],
      "color": "rgba(231, 76, 60, 0.8)",
      "key": "rentPaid",
      "label": "Rent",
    },
    "strataPaid": {
      "calculateForYear": [Function],
      "color": "rgba(26, 188, 156, 0.8)",
      "key": "strataPaid",
      "label": "Strata",
    },
    "surplusCashflow": {
      "calculateForYear": [Function],
      "color": "rgba(36, 198, 182, 0.8)",
      "description": "Extra cash saved by having less expenses",
      "key": "surplusCashflow",
      "label": "Surplus cashflow",
    },
    "surplusInvested": {
      "calculateForYear": [Function],
      "color": "rgba(32, 173, 145, 0.8)",
      "description": "The growth from investing previous surplus amounts",
      "key": "surplusInvested",
      "label": "Surplus investment growth",
    },
  },
  "cases": {
    "buy": {
      "breakdownByYear": [
        {
          "buyMovingCost": -15317.809762500003,
          "councilRatesPaid": -1500,
          "insurancePaid": -2000,
          "maintenanceCost": -10000,
          "mortgagePaid": -40473.98723802778,
          "principalPaid": 16702.4028675172,
          "propertyAppreciation": 50000,
          "strataPaid": -4000,
          "surplusCashflow": 0,
          "surplusInvested": 0,
        },
        {
          "buyMovingCost": -15317.809762500003,
          "councilRatesPaid": -1575,
          "insurancePaid": -2100,
          "maintenanceCost": -10349.999999999998,
          "mortgagePaid": -40473.98723802778,
          "principalPaid": 17210.422433487372,
          "propertyAppreciation": 52500,
          "strataPaid": -4200,
          "surplusCashflow": 0,
          "surplusInvested": 0,
        },
        {
          "buyMovingCost": -15317.809762500003,
          "councilRatesPaid": -1653.75,
          "insurancePaid": -2205,
          "maintenanceCost": -10712.249999999998,
          "mortgagePaid": -40473.98723802778,
          "principalPaid": 17733.893900687573,
          "propertyAppreciation": 55125.00000000023,
          "strataPaid": -4410,
          "surplusCashflow": 0,
          "surplusInvested": 0,
        },
        {
          "buyMovingCost": -15317.809762500003,
          "councilRatesPaid": -1736.4375000000002,
          "insurancePaid": -2315.2500000000005,
          "maintenanceCost": -11087.178749999997,
          "mortgagePaid": -40473.98723802778,
          "principalPaid": 18273.287253479706,
          "propertyAppreciation": 57881.25,
          "strataPaid": -4630.500000000001,
          "surplusCashflow": 0,
          "surplusInvested": 0,
        },
        {
          "buyMovingCost": -15317.809762500003,
          "councilRatesPaid": -1823.2593750000003,
          "insurancePaid": -2431.0125000000003,
          "maintenanceCost": -11475.230006249996,
          "mortgagePaid": -40473.98723802778,
          "principalPaid": 18829.086771249888,
          "propertyAppreciation": 60775.31250000023,
          "strataPaid": -4862.025000000001,
          "surplusCashflow": 0,
          "surplusInvested": 0,
        },
      ],
      "color": "blue",
      "gainLosses": [
        {
          "calculateForYear": [Function],
          "color": "rgba(39, 174, 96, 0.8)",
          "description": "How much the value of the property has increased this year.",
          "key": "propertyAppreciation",
          "label": "Property appreciation",
        },
        {
          "calculateForYear": [Function],
          "color": "rgba(46, 204, 113, 0.8)",
          "key": "principalPaid",
          "label": "Principal paid",
        },
        {
          "calculateForYear": [Function],
          "color": "rgba(36, 198, 182, 0.8)",
          "description": "Extra cash saved by having less expenses",
          "key": "surplusCashflow",
          "label": "Surplus cashflow",
        },
        {
          "calculateForYear": [Function],
          "color": "rgba(32, 173, 145, 0.8)",
          "description": "The growth from investing previous surplus amounts",
          "key": "surplusInvested",
          "label": "Surplus investment growth",
        },
        {
          "calculateForYear": [Function],
          "color": "rgba(231, 76, 60, 0.8)",
          "key": "mortgagePaid",
          "label": "Mortgage",
        },
        {
          "calculateForYear": [Function],
          "color": "rgba(230, 139, 34, 0.8)",
          "key": "buyMovingCost",
          "label": "Moving costs (buy)",
        },
        {
          "calculateForYear": [Function],
          "color": "rgba(243, 194, 18, 0.8)",
          "key": "maintenanceCost",
          "label": "Maintenance",
        },
        {
          "calculateForYear": [Function],
          "color": "rgba(52, 152, 219, 0.8)",
          "key": "councilRatesPaid",
          "label": "Council rates",
        },
        {
          "calculateForYear": [Function],
          "color": "rgba(26, 188, 156, 0.8)",
          "key": "strataPaid",
          "label": "Strata",
        },
        {
          "calculateForYear": [Function],
          "color": "rgba(142, 68, 173, 0.8)",
          "key": "insurancePaid",
          "label": "Insurance",
        },
      ],
      "getStartingBalance": [Function],
      "key": "buy",
      "label": "Buy",
      "netWorthByYear": [
        158588,
        228298.42243348737,
        301157.3163341752,
        377311.8535876549,
        456916.252858905,
      ],
    },
    "rent": {
      "breakdownByYear": [
        {
          "rentInvestment": 24141.2,
          "rentMovingCost": -1750,
          "rentPaid": -52000,
          "surplusCashflow": 19541.79700052779,
          "surplusInvested": 0,
        },
        {
          "rentInvestment": 26555.32,
          "rentMovingCost": -1802.5,
          "rentPaid": -53560,
          "surplusCashflow": 18654.297000527775,
          "surplusInvested": 1954.179700052779,
        },
        {
          "rentInvestment": 29210.852000000003,
          "rentMovingCost": -1856.5749999999998,
          "rentPaid": -55166.799999999996,
          "surplusCashflow": 17749.422000527782,
          "surplusInvested": 4015.0273701108345,
        },
        {
          "rentInvestment": 32131.937200000008,
          "rentMovingCost": -1912.27225,
          "rentPaid": -56821.804000000004,
          "surplusCashflow": 16827.087000527776,
          "surplusInvested": 6191.472307174696,
        },
        {
          "rentInvestment": 35345.13092,
          "rentMovingCost": -1969.6404175000002,
          "rentPaid": -58526.45812000001,
          "surplusCashflow": 15887.225344277751,
          "surplusInvested": 8493.328237944943,
        },
      ],
      "color": "green",
      "gainLosses": [
        {
          "calculateForYear": [Function],
          "color": "rgba(39, 174, 96, 0.8)",
          "key": "rentInvestment",
          "label": "Investment growth",
        },
        {
          "calculateForYear": [Function],
          "color": "rgba(36, 198, 182, 0.8)",
          "description": "Extra cash saved by having less expenses",
          "key": "surplusCashflow",
          "label": "Surplus cashflow",
        },
        {
          "calculateForYear": [Function],
          "color": "rgba(32, 173, 145, 0.8)",
          "description": "The growth from investing previous surplus amounts",
          "key": "surplusInvested",
          "label": "Surplus investment growth",
        },
        {
          "calculateForYear": [Function],
          "color": "rgba(231, 76, 60, 0.8)",
          "key": "rentPaid",
          "label": "Rent",
        },
        {
          "calculateForYear": [Function],
          "color": "rgba(230, 139, 34, 0.8)",
          "key": "rentMovingCost",
          "label": "Moving costs (rent)",
        },
      ],
      "getStartingBalance": [Function],
      "key": "rent",
      "label": "Rent",
      "netWorthByYear": [
        241412,
        288575.79670058057,
        339551.09807121917,
        394701.5945789217,
        454427.27908114437,
      ],
    },
  },
  "numYears": 5,
}
`;
